{
  "service": {
    "currency": "EUR",
    "description": "Created by the e2e tests.",
    "environment": {},
    "fixedPrice": 0,
    "id": "<id>",
    "isActive": false,
    "isPublic": true,
    "latestVersion": undefined,
    "name": "<name>",
    "numDeployments": 0,
    "pricePerCoreHour": 0,
    "pricePerMemoryGBHour": 0,
    "pricePerStorageGBMonth": 0,
    "pricePerVolumeGBHour": 0,
  },
  "versions": {
    "items": [
      {
        "definition": "# A real docker-compose-ssh deployment to the docker-target container of the e2e stack.
parameters:
  - name: greeting
    label: Greeting
    type: string
    required: true
    defaultValue: World
    display: true
    hint: Printed by the container on startup.

pricingModel: fixed

resources:
  - name: App
    id: app
    type: docker-compose-ssh
    parameters:
      host: docker-target
      sshUser: root
      sshPassword: e2e-target
      dockerComposeUrl: http://fixtures/compose/busybox.yml
      mainImages: busybox
      GREETING: ${parameters.greeting}
",
        "environment": {},
        "id": "<id>",
        "isActive": true,
        "isDefault": true,
        "name": "1.0.0",
        "numDeployments": 0,
      },
    ],
  },
}